2026-05-25 19:56:41  ============================================================
2026-05-25 19:56:41  STEP 1: Preprocessing (pp gray_matter,1.0,20,gray_matter,2)
2026-05-25 19:56:41  ============================================================
2026-05-25 19:56:41  
2026-05-25 19:56:41    Preprocessing sham_gt_rest (20 studies)...
2026-05-25 20:05:59    DONE: sham_gt_rest
2026-05-25 20:05:59    Preprocessing verum_gt_sham (38 studies)...
2026-05-25 20:15:29    DONE: verum_gt_sham
2026-05-25 20:15:29    Preprocessing verum_gt_rest (30 studies)...
2026-05-25 20:26:48    DONE: verum_gt_rest
2026-05-25 20:26:48    Preprocessing sham_gt_rest_penetrating (10 studies)...
2026-05-25 20:31:36    DONE: sham_gt_rest_penetrating
2026-05-25 20:31:36    WARNING: sham_gt_rest_nonpenetrating has only 8 studies (recommended minimum: 10)
2026-05-25 20:31:36    Preprocessing sham_gt_rest_nonpenetrating (8 studies)...
2026-05-25 20:33:58    DONE: sham_gt_rest_nonpenetrating
2026-05-25 20:33:58    Preprocessing verum_post_gt_pre (49 studies)...
2026-05-25 20:42:32    DONE: verum_post_gt_pre
2026-05-25 20:42:32    Preprocessing sham_post_gt_pre (17 studies)...
2026-05-25 20:44:53    DONE: sham_post_gt_pre
2026-05-25 20:44:53    Preprocessing deactivation (50 studies)...
2026-05-25 20:57:52    DONE: deactivation
2026-05-25 20:57:52    Preprocessing group_comparison (52 studies)...
2026-05-25 20:57:53    ERROR: Preprocessing failed for group_comparison
2026-05-25 20:57:53    Preprocessing correlation_clinical (10 studies)...
2026-05-25 20:59:14    DONE: correlation_clinical
2026-05-25 20:59:14  
2026-05-25 20:59:14  Step 1 complete: 9 ok, 1 failed
